pyscf plugins found in 
/home/user/Documents/workspace/pyscf_rs/.venv/lib/python3.13/site-packages/pyscf
/home/user/Documents/workspace/pyscf_rs/python/pyscf
When PYTHONPATH is set, it is recommended to load these plugins through the environment variable PYSCF_EXT_PATH
{"pyscf": "2.12.1", "source": "/home/user/Documents/workspace/pyscf_rs/pyscf/__init__.py"}
output file: /dev/null
{"method": "krhf", "full_step": 0.01, "half_step": 0.005, "energy_plus": -4.8306243392201935, "energy_minus": -4.828304272597706, "analytic": -0.23218061295285616, "fd": -0.23200666224871824, "residual": 0.00017395070413792069, "cancellation_estimate": 2.1447080088958658e-13}
{"method": "krhf", "full_step": 0.001, "half_step": 0.0005, "energy_plus": -4.8295692963165955, "energy_minus": -4.829337117445352, "analytic": -0.23218061295285616, "fd": -0.2321788712436046, "residual": 1.7417092515736865e-06, "cancellation_estimate": 2.1447080088958655e-12}
{"method": "krhf", "full_step": 0.0001, "half_step": 5e-05, "energy_plus": -4.829464704991105, "energy_minus": -4.829441486931615, "analytic": -0.23218061295285616, "fd": -0.23218059490126564, "residual": 1.8051590527923267e-08, "cancellation_estimate": 2.1447080088958656e-11}
{"method": "krhf", "full_step": 1e-05, "half_step": 5e-06, "energy_plus": -4.829454255755233, "energy_minus": -4.829451933949109, "analytic": -0.23218061295285616, "fd": -0.23218061242502583, "residual": 5.278303349953717e-10, "cancellation_estimate": 2.1447080088958656e-10}
{"method": "krhf", "full_step": 1e-06, "half_step": 5e-07, "energy_plus": -4.829453210931384, "energy_minus": -4.82945297875077, "analytic": -0.23218061295285616, "fd": -0.23218061429020054, "residual": 1.337344374130467e-09, "cancellation_estimate": 2.144708008895866e-09}
{"method": "krhf", "full_step": 1e-07, "half_step": 5e-08, "energy_plus": -4.829453106450003, "energy_minus": -4.829453083231939, "analytic": -0.23218061295285616, "fd": -0.2321806391591963, "residual": 2.6206340125733973e-08, "cancellation_estimate": 2.1447080088958658e-08}
{"method": "krhf", "minimum": {"method": "krhf", "full_step": 1e-05, "half_step": 5e-06, "energy_plus": -4.829454255755233, "energy_minus": -4.829451933949109, "analytic": -0.23218061295285616, "fd": -0.23218061242502583, "residual": 5.278303349953717e-10, "cancellation_estimate": 2.1447080088958656e-10}}
{"method": "pbe", "full_step": 0.01, "half_step": 0.005, "energy_plus": -7.426309141446152, "energy_minus": -7.425742661396735, "analytic": -0.05664963334593813, "fd": -0.05664800494171729, "residual": 1.6284042208408733e-06, "cancellation_estimate": 3.2978237476447384e-13}
{"method": "pbe", "full_step": 0.001, "half_step": 0.0005, "energy_plus": -7.426067095282067, "energy_minus": -7.426010445665995, "analytic": -0.05664963334593813, "fd": -0.056649616071879905, "residual": 1.727405822549155e-08, "cancellation_estimate": 3.297823747644739e-12}
{"method": "pbe", "full_step": 0.0001, "half_step": 5e-05, "energy_plus": -7.42604173169457, "energy_minus": -7.426036066731279, "analytic": -0.05664963334593813, "fd": -0.0566496329135191, "residual": 4.3241903113777624e-10, "cancellation_estimate": 3.297823747644739e-11}
{"method": "pbe", "full_step": 1e-05, "half_step": 5e-06, "energy_plus": -7.426039183748371, "energy_minus": -7.426038617252025, "analytic": -0.05664963334593813, "fd": -0.05664963458329452, "residual": 1.2373563909595653e-09, "cancellation_estimate": 3.2978237476447387e-10}
{"method": "pbe", "full_step": 1e-06, "half_step": 5e-07, "energy_plus": -7.426038928837893, "energy_minus": -7.426038872188248, "analytic": -0.05664963334593813, "fd": -0.05664964497498204, "residual": 1.1629043908389924e-08, "cancellation_estimate": 3.297823747644739e-09}
{"method": "pbe", "full_step": 1e-07, "half_step": 5e-08, "energy_plus": -7.426038903345686, "energy_minus": -7.426038897680717, "analytic": -0.05664963334593813, "fd": -0.05664969826568722, "residual": 6.491974909039744e-08, "cancellation_estimate": 3.297823747644739e-08}
{"method": "pbe", "minimum": {"method": "pbe", "full_step": 0.0001, "half_step": 5e-05, "energy_plus": -7.42604173169457, "energy_minus": -7.426036066731279, "analytic": -0.05664963334593813, "fd": -0.0566496329135191, "residual": 4.3241903113777624e-10, "cancellation_estimate": 3.297823747644739e-11}}
