pyscf plugins found in 
/home/user/Documents/workspace/pyscf_rs/.venv/lib/python3.13/site-packages/pyscf
/home/user/Documents/workspace/pyscf_rs/python/pyscf
When PYTHONPATH is set, it is recommended to load these plugins through the environment variable PYSCF_EXT_PATH
{"pyscf": "2.12.1", "source": "/home/user/Documents/workspace/pyscf_rs/pyscf/pbc/grad/test/test_rks_stress.py", "energy_reduction": "stable"}
test_ovlp (phase18_strain_components.KnownValues.test_ovlp) ... {"line": 43, "residual": 0.0, "bound": 1e-09}
{"line": 49, "residual": 0.0, "bound": 1e-09}
{"line": 65, "residual": 5.012890103017753e-11, "bound": 1e-09}
{"line": 71, "residual": 5.012888715238972e-11, "bound": 1e-09}
ok
test_kin (phase18_strain_components.KnownValues.test_kin) ... {"line": 79, "residual": 0.0, "bound": 1e-09}
{"line": 85, "residual": 0.0, "bound": 1e-09}
{"line": 101, "residual": 3.746075671884341e-11, "bound": 1e-09}
{"line": 107, "residual": 3.746078447441903e-11, "bound": 1e-09}
ok
test_weight (phase18_strain_components.KnownValues.test_weight) ... {"line": 114, "residual": 3.093601763648479e-13, "bound": 1e-09}
{"line": 116, "residual": 0.0, "bound": 1e-09}
ok
test_coulG (phase18_strain_components.KnownValues.test_coulG) ... {"line": 121, "residual": 1.0174816544861187e-10, "bound": 1e-09}
{"line": 123, "residual": 3.7788505657943006e-10, "bound": 1e-09}
ok
test_eval_ao_cart (phase18_strain_components.KnownValues.test_eval_ao_cart) ... {"line": 140, "residual": 1.216906575507437e-10, "bound": 1e-09}
{"line": 140, "residual": 1.187214770936862e-10, "bound": 1e-09}
{"line": 140, "residual": 1.4567369532869634e-10, "bound": 1e-09}
{"line": 140, "residual": 1.2427614493049077e-10, "bound": 1e-09}
{"line": 140, "residual": 1.6861003565571409e-10, "bound": 1e-09}
ok
test_eval_ao_sph (phase18_strain_components.KnownValues.test_eval_ao_sph) ... {"line": 158, "residual": 8.919212590718928e-11, "bound": 1e-09}
{"line": 158, "residual": 8.197575951385261e-11, "bound": 1e-09}
{"line": 158, "residual": 1.2953460526432536e-10, "bound": 1e-09}
{"line": 158, "residual": 1.250915204753511e-10, "bound": 1e-09}
{"line": 158, "residual": 1.5638546013718724e-10, "bound": 1e-09}
ok
test_eval_ao_deriv1_cart (phase18_strain_components.KnownValues.test_eval_ao_deriv1_cart) ... {"line": 176, "residual": 4.3617931488881823e-10, "bound": 1e-09}
{"line": 176, "residual": 3.9038994259499304e-10, "bound": 1e-09}
{"line": 176, "residual": 3.799622838585037e-10, "bound": 1e-09}
{"line": 176, "residual": 4.231535122301011e-10, "bound": 1e-09}
{"line": 176, "residual": 9.90842297099448e-10, "bound": 1e-09}
ok
test_eval_ao_deriv1_sph (phase18_strain_components.KnownValues.test_eval_ao_deriv1_sph) ... {"line": 194, "residual": 4.138436260348044e-10, "bound": 1e-09}
{"line": 194, "residual": 3.9038994259499304e-10, "bound": 1e-09}
{"line": 194, "residual": 3.822038241452219e-10, "bound": 1e-09}
{"line": 194, "residual": 4.231535122301011e-10, "bound": 1e-09}
{"line": 194, "residual": 6.701944693654482e-10, "bound": 1e-09}
ok
test_eval_ao_grid_response (phase18_strain_components.KnownValues.test_eval_ao_grid_response) ... {"line": 214, "residual": 3.5818303878443203e-10, "bound": 1e-09}
{"line": 214, "residual": 1.1537060196076254e-10, "bound": 1e-09}
{"line": 214, "residual": 1.1086331852538933e-10, "bound": 1e-09}
{"line": 214, "residual": 1.1968825930352978e-10, "bound": 1e-09}
{"line": 214, "residual": 3.5385627761286287e-10, "bound": 1e-09}
{"line": 240, "residual": 7.211413133312305e-10, "bound": 1e-09}
{"line": 240, "residual": 3.173574736337059e-10, "bound": 1e-09}
{"line": 240, "residual": 2.7629809551399376e-10, "bound": 1e-09}
{"line": 240, "residual": 2.7674329494686845e-10, "bound": 1e-09}
{"line": 240, "residual": 5.622766696689041e-10, "bound": 1e-09}
ok
test_lattice_vector_derivatives (phase18_strain_components.KnownValues.test_lattice_vector_derivatives) ... {"line": 253, "residual": 0.0, "bound": 1e-09}
{"line": 257, "residual": 7.599254558954271e-12, "bound": 1e-09}
{"line": 257, "residual": 1.0072553902062964e-11, "bound": 1e-09}
{"line": 257, "residual": 1.592870280120451e-11, "bound": 1e-09}
{"line": 257, "residual": 4.386518925869609e-11, "bound": 1e-09}
{"line": 257, "residual": 6.040501432380552e-12, "bound": 1e-09}
{"line": 257, "residual": 2.870927107156973e-11, "bound": 1e-09}
{"line": 257, "residual": 3.544642357411476e-11, "bound": 1e-09}
{"line": 257, "residual": 2.697875256529869e-11, "bound": 1e-09}
{"line": 257, "residual": 1.538325022920617e-11, "bound": 1e-09}
ok
test_get_vxc_lda (phase18_strain_components.KnownValues.test_get_vxc_lda) ... {"line": 277, "residual": 7.753797603982093e-12, "bound": 1e-09}
{"line": 277, "residual": 8.914924354286313e-12, "bound": 1e-09}
{"line": 277, "residual": 1.4263529246605344e-10, "bound": 1e-09}
{"line": 277, "residual": 2.1729007482207408e-11, "bound": 1e-09}
{"line": 277, "residual": 8.394129835664899e-11, "bound": 1e-09}
ok
test_get_vxc_gga (phase18_strain_components.KnownValues.test_get_vxc_gga) ... {"line": 296, "residual": 1.2575718244534073e-11, "bound": 1e-09}
{"line": 296, "residual": 1.1645656661229964e-11, "bound": 1e-09}
{"line": 296, "residual": 1.5179707490986516e-10, "bound": 1e-09}
{"line": 296, "residual": 1.3827966549584403e-11, "bound": 1e-09}
{"line": 296, "residual": 8.82631884246976e-11, "bound": 1e-09}
ok
test_get_vxc_mgga (phase18_strain_components.KnownValues.test_get_vxc_mgga) ... {"line": 315, "residual": 4.656303120853522e-12, "bound": 1e-09}
{"line": 315, "residual": 2.5145302506857092e-12, "bound": 1e-09}
{"line": 315, "residual": 1.138471539263719e-10, "bound": 1e-09}
{"line": 315, "residual": 8.75105543585164e-12, "bound": 1e-09}
{"line": 315, "residual": 6.361890181327823e-11, "bound": 1e-09}
ok
test_get_j (phase18_strain_components.KnownValues.test_get_j) ... {"line": 340, "residual": 3.7671066266398157e-10, "bound": 2e-09}
{"line": 340, "residual": 3.411448901147196e-11, "bound": 2e-09}
{"line": 340, "residual": 6.61219967668103e-11, "bound": 2e-09}
{"line": 340, "residual": 3.794353720110166e-11, "bound": 2e-09}
{"line": 340, "residual": 3.587512509284352e-10, "bound": 2e-09}
ok
test_get_nuc (phase18_strain_components.KnownValues.test_get_nuc) ... {"line": 363, "residual": 3.156234162915439e-10, "bound": 2e-09}
{"line": 363, "residual": 1.0045542175873834e-10, "bound": 2e-09}
{"line": 363, "residual": 3.155262717768892e-10, "bound": 2e-09}
{"line": 363, "residual": 1.0863221433510262e-10, "bound": 2e-09}
{"line": 363, "residual": 5.007928238764947e-10, "bound": 2e-09}
ok
test_get_pp (phase18_strain_components.KnownValues.test_get_pp) ... {"line": 388, "residual": 1.486738732126014e-09, "bound": 1e-08}
{"line": 388, "residual": 2.201283599845283e-10, "bound": 1e-08}
{"line": 388, "residual": 3.4214315824954156e-09, "bound": 1e-08}
{"line": 388, "residual": 6.817171271933375e-10, "bound": 1e-08}
{"line": 388, "residual": 1.9378862958774334e-09, "bound": 1e-08}
ok

----------------------------------------------------------------------
Ran 16 tests in 1.548s

OK
