pyscf plugins found in 
/home/user/Documents/workspace/pyscf_rs/.venv/lib/python3.13/site-packages/pyscf
/home/user/Documents/workspace/pyscf_rs/python/pyscf
When PYTHONPATH is set, it is recommended to load these plugins through the environment variable PYSCF_EXT_PATH
--- si [1, 1, 2] time_reversal=False
nkpts=2 nkpts_ibz=2 n_tuples=8 n_s1=8 n_s2=6
weight_sum_s2 = 1.0
unsound = 0   partner_split = 0   of 8
k4_s2 = [[0, 0, 0, 0], [0, 0, 1, 1], [0, 1, 0, 1], [0, 1, 1, 0], [1, 1, 0, 0], [1, 1, 1, 1]]
weight_s2_x_nkpts3 = [1, 1, 2, 2, 1, 1]
bz2ibz_s2 = [0, 1, 2, 3, 3, 2, 4, 5]

--- si [2, 2, 2] time_reversal=False
nkpts=8 nkpts_ibz=3 n_tuples=512 n_s1=50 n_s2=36
weight_sum_s2 = 1.0
unsound = 0   partner_split = 48   of 512
k4_s2 = [[0, 0, 0, 0], [0, 0, 6, 6], [0, 0, 7, 7], [0, 6, 0, 6], [0, 6, 5, 3], [0, 6, 6, 0], [0, 6, 7, 1], [0, 7, 0, 7], [0, 7, 4, 3], [0, 7, 6, 1], [0, 7, 7, 0], [6, 5, 0, 3], [6, 5, 5, 6], [6, 5, 6, 5], [6, 5, 7, 4], [6, 6, 0, 0], [6, 6, 5, 5], [6, 6, 6, 6], [6, 6, 7, 7], [6, 7, 0, 1], [6, 7, 1, 0], [6, 7, 4, 5], [6, 7, 5, 4], [6, 7, 6, 7], [6, 7, 7, 6], [7, 0, 4, 3], [7, 0, 6, 1], [7, 4, 0, 3], [7, 4, 2, 1], [7, 4, 4, 7], [7, 4, 6, 5], [7, 4, 7, 4], [7, 7, 0, 0], [7, 7, 4, 4], [7, 7, 6, 6], [7, 7, 7, 7]]
weight_s2_x_nkpts3 = [1, 3, 4, 6, 12, 6, 24, 8, 12, 12, 8, 12, 6, 6, 24, 3, 6, 3, 12, 24, 24, 48, 48, 24, 24, 12, 12, 24, 24, 12, 24, 12, 4, 12, 12, 4]
bz2ibz_s2 = [0, 2, 2, 1, 2, 1, 1, 2, 7, 10, 8, 9, 8, 9, 9, 8, 7, 8, 10, 9, 8, 9, 9, 8, 3, 6, 6, 5, 6, 4, 4, 6, 7, 8, 8, 9, 10, 9, 9, 8, 3, 6, 6, 4, 6, 5, 4, 6, 3, 6, 6, 4, 6, 4, 5, 6, 7, 8, 8, 9, 8, 9, 9, 10, 10, 7, 25, 26, 25, 26, 26, 25, 32, 35, 33, 34, 33, 34, 34, 33, 27, 31, 29, 27, 28, 30, 30, 28, 20, 23, 19, 24, 22, 21, 21, 22, 27, 31, 28, 30, 29, 27, 30, 28, 20, 23, 22, 21, 19, 24, 21, 22, 20, 23, 22, 21, 22, 21, 24, 19, 27, 31, 28, 30, 28, 30, 27, 29, 10, 25, 7, 26, 25, 26, 26, 25, 27, 29, 31, 27, 28, 30, 30, 28, 32, 33, 35, 34, 33, 34, 34, 33, 20, 19, 23, 24, 22, 21, 21, 22, 27, 28, 31, 30, 29, 30, 27, 28, 20, 22, 23, 21, 22, 24, 21, 19, 20, 22, 23, 21, 19, 21, 24, 22, 27, 28, 31, 30, 28, 27, 30, 29, 5, 6, 6, 3, 6, 4, 4, 6, 19, 24, 20, 23, 21, 22, 22, 21, 19, 20, 24, 23, 21, 22, 22, 21, 15, 18, 18, 17, 18, 16, 16, 18, 19, 21, 21, 23, 24, 22, 22, 20, 11, 14, 14, 13, 14, 12, 11, 14, 11, 14, 14, 13, 14, 11, 12, 14, 19, 21, 21, 23, 20, 22, 22, 24, 10, 25, 25, 26, 7, 26, 26, 25, 27, 29, 28, 30, 31, 27, 30, 28, 27, 28, 29, 30, 31, 30, 27, 28, 20, 22, 22, 24, 23, 21, 21, 19, 32, 33, 33, 34, 35, 34, 34, 33, 20, 19, 22, 21, 23, 24, 21, 22, 20, 22, 19, 21, 23, 21, 24, 22, 27, 28, 28, 27, 31, 30, 30, 29, 5, 6, 6, 4, 6, 3, 4, 6, 19, 24, 21, 22, 20, 23, 22, 21, 19, 21, 24, 22, 21, 23, 22, 20, 11, 14, 14, 12, 14, 13, 11, 14, 19, 20, 21, 22, 24, 23, 22, 21, 15, 18, 18, 16, 18, 17, 16, 18, 11, 14, 14, 11, 14, 13, 12, 14, 19, 21, 20, 22, 21, 23, 22, 24, 5, 6, 6, 4, 6, 4, 3, 6, 19, 24, 21, 22, 21, 22, 23, 20, 19, 21, 24, 22, 20, 22, 23, 21, 11, 14, 14, 12, 14, 11, 13, 14, 19, 21, 20, 22, 24, 22, 23, 21, 11, 14, 14, 11, 14, 12, 13, 14, 15, 18, 18, 16, 18, 16, 17, 18, 19, 20, 21, 22, 21, 22, 23, 24, 10, 25, 25, 26, 25, 26, 26, 7, 27, 29, 28, 30, 28, 30, 27, 31, 27, 28, 29, 30, 28, 27, 30, 31, 20, 22, 22, 24, 19, 21, 21, 23, 27, 28, 28, 27, 29, 30, 30, 31, 20, 22, 19, 21, 22, 24, 21, 23, 20, 19, 22, 21, 22, 21, 24, 23, 32, 33, 33, 34, 33, 34, 34, 35]

--- diamond [2, 2, 2] time_reversal=False
nkpts=8 nkpts_ibz=3 n_tuples=512 n_s1=50 n_s2=36
weight_sum_s2 = 1.0
unsound = 0   partner_split = 48   of 512
k4_s2 = [[0, 0, 0, 0], [0, 0, 6, 6], [0, 0, 7, 7], [0, 6, 0, 6], [0, 6, 5, 3], [0, 6, 6, 0], [0, 6, 7, 1], [0, 7, 0, 7], [0, 7, 4, 3], [0, 7, 6, 1], [0, 7, 7, 0], [6, 5, 0, 3], [6, 5, 5, 6], [6, 5, 6, 5], [6, 5, 7, 4], [6, 6, 0, 0], [6, 6, 5, 5], [6, 6, 6, 6], [6, 6, 7, 7], [6, 7, 0, 1], [6, 7, 1, 0], [6, 7, 4, 5], [6, 7, 5, 4], [6, 7, 6, 7], [6, 7, 7, 6], [7, 0, 4, 3], [7, 0, 6, 1], [7, 4, 0, 3], [7, 4, 2, 1], [7, 4, 4, 7], [7, 4, 6, 5], [7, 4, 7, 4], [7, 7, 0, 0], [7, 7, 4, 4], [7, 7, 6, 6], [7, 7, 7, 7]]
weight_s2_x_nkpts3 = [1, 3, 4, 6, 12, 6, 24, 8, 12, 12, 8, 12, 6, 6, 24, 3, 6, 3, 12, 24, 24, 48, 48, 24, 24, 12, 12, 24, 24, 12, 24, 12, 4, 12, 12, 4]
bz2ibz_s2 = [0, 2, 2, 1, 2, 1, 1, 2, 7, 10, 8, 9, 8, 9, 9, 8, 7, 8, 10, 9, 8, 9, 9, 8, 3, 6, 6, 5, 6, 4, 4, 6, 7, 8, 8, 9, 10, 9, 9, 8, 3, 6, 6, 4, 6, 5, 4, 6, 3, 6, 6, 4, 6, 4, 5, 6, 7, 8, 8, 9, 8, 9, 9, 10, 10, 7, 25, 26, 25, 26, 26, 25, 32, 35, 33, 34, 33, 34, 34, 33, 27, 31, 29, 27, 28, 30, 30, 28, 20, 23, 19, 24, 22, 21, 21, 22, 27, 31, 28, 30, 29, 27, 30, 28, 20, 23, 22, 21, 19, 24, 21, 22, 20, 23, 22, 21, 22, 21, 24, 19, 27, 31, 28, 30, 28, 30, 27, 29, 10, 25, 7, 26, 25, 26, 26, 25, 27, 29, 31, 27, 28, 30, 30, 28, 32, 33, 35, 34, 33, 34, 34, 33, 20, 19, 23, 24, 22, 21, 21, 22, 27, 28, 31, 30, 29, 30, 27, 28, 20, 22, 23, 21, 22, 24, 21, 19, 20, 22, 23, 21, 19, 21, 24, 22, 27, 28, 31, 30, 28, 27, 30, 29, 5, 6, 6, 3, 6, 4, 4, 6, 19, 24, 20, 23, 21, 22, 22, 21, 19, 20, 24, 23, 21, 22, 22, 21, 15, 18, 18, 17, 18, 16, 16, 18, 19, 21, 21, 23, 24, 22, 22, 20, 11, 14, 14, 13, 14, 12, 11, 14, 11, 14, 14, 13, 14, 11, 12, 14, 19, 21, 21, 23, 20, 22, 22, 24, 10, 25, 25, 26, 7, 26, 26, 25, 27, 29, 28, 30, 31, 27, 30, 28, 27, 28, 29, 30, 31, 30, 27, 28, 20, 22, 22, 24, 23, 21, 21, 19, 32, 33, 33, 34, 35, 34, 34, 33, 20, 19, 22, 21, 23, 24, 21, 22, 20, 22, 19, 21, 23, 21, 24, 22, 27, 28, 28, 27, 31, 30, 30, 29, 5, 6, 6, 4, 6, 3, 4, 6, 19, 24, 21, 22, 20, 23, 22, 21, 19, 21, 24, 22, 21, 23, 22, 20, 11, 14, 14, 12, 14, 13, 11, 14, 19, 20, 21, 22, 24, 23, 22, 21, 15, 18, 18, 16, 18, 17, 16, 18, 11, 14, 14, 11, 14, 13, 12, 14, 19, 21, 20, 22, 21, 23, 22, 24, 5, 6, 6, 4, 6, 4, 3, 6, 19, 24, 21, 22, 21, 22, 23, 20, 19, 21, 24, 22, 20, 22, 23, 21, 11, 14, 14, 12, 14, 11, 13, 14, 19, 21, 20, 22, 24, 22, 23, 21, 11, 14, 14, 11, 14, 12, 13, 14, 15, 18, 18, 16, 18, 16, 17, 18, 19, 20, 21, 22, 21, 22, 23, 24, 10, 25, 25, 26, 25, 26, 26, 7, 27, 29, 28, 30, 28, 30, 27, 31, 27, 28, 29, 30, 28, 27, 30, 31, 20, 22, 22, 24, 19, 21, 21, 23, 27, 28, 28, 27, 29, 30, 30, 31, 20, 22, 19, 21, 22, 24, 21, 23, 20, 19, 22, 21, 22, 21, 24, 23, 32, 33, 33, 34, 33, 34, 34, 35]

--- si [1, 1, 2] time_reversal=True
nkpts=2 nkpts_ibz=2 n_tuples=8 n_s1=8 n_s2=6
weight_sum_s2 = 1.0
unsound = 0   partner_split = 0   of 8
k4_s2 = [[0, 0, 0, 0], [0, 0, 1, 1], [0, 1, 0, 1], [0, 1, 1, 0], [1, 1, 0, 0], [1, 1, 1, 1]]
weight_s2_x_nkpts3 = [1, 1, 2, 2, 1, 1]
bz2ibz_s2 = [0, 1, 2, 3, 3, 2, 4, 5]

--- si [2, 2, 2] time_reversal=True
nkpts=8 nkpts_ibz=3 n_tuples=512 n_s1=50 n_s2=36
weight_sum_s2 = 1.0
unsound = 0   partner_split = 48   of 512
k4_s2 = [[0, 0, 0, 0], [0, 0, 6, 6], [0, 0, 7, 7], [0, 6, 0, 6], [0, 6, 5, 3], [0, 6, 6, 0], [0, 6, 7, 1], [0, 7, 0, 7], [0, 7, 4, 3], [0, 7, 6, 1], [0, 7, 7, 0], [6, 5, 0, 3], [6, 5, 5, 6], [6, 5, 6, 5], [6, 5, 7, 4], [6, 6, 0, 0], [6, 6, 5, 5], [6, 6, 6, 6], [6, 6, 7, 7], [6, 7, 0, 1], [6, 7, 1, 0], [6, 7, 4, 5], [6, 7, 5, 4], [6, 7, 6, 7], [6, 7, 7, 6], [7, 0, 4, 3], [7, 0, 6, 1], [7, 4, 0, 3], [7, 4, 2, 1], [7, 4, 4, 7], [7, 4, 6, 5], [7, 4, 7, 4], [7, 7, 0, 0], [7, 7, 4, 4], [7, 7, 6, 6], [7, 7, 7, 7]]
weight_s2_x_nkpts3 = [1, 3, 4, 6, 12, 6, 24, 8, 12, 12, 8, 12, 6, 6, 24, 3, 6, 3, 12, 24, 24, 48, 48, 24, 24, 12, 12, 24, 24, 12, 24, 12, 4, 12, 12, 4]
bz2ibz_s2 = [0, 2, 2, 1, 2, 1, 1, 2, 7, 10, 8, 9, 8, 9, 9, 8, 7, 8, 10, 9, 8, 9, 9, 8, 3, 6, 6, 5, 6, 4, 4, 6, 7, 8, 8, 9, 10, 9, 9, 8, 3, 6, 6, 4, 6, 5, 4, 6, 3, 6, 6, 4, 6, 4, 5, 6, 7, 8, 8, 9, 8, 9, 9, 10, 10, 7, 25, 26, 25, 26, 26, 25, 32, 35, 33, 34, 33, 34, 34, 33, 27, 31, 29, 27, 28, 30, 30, 28, 20, 23, 19, 24, 22, 21, 21, 22, 27, 31, 28, 30, 29, 27, 30, 28, 20, 23, 22, 21, 19, 24, 21, 22, 20, 23, 22, 21, 22, 21, 24, 19, 27, 31, 28, 30, 28, 30, 27, 29, 10, 25, 7, 26, 25, 26, 26, 25, 27, 29, 31, 27, 28, 30, 30, 28, 32, 33, 35, 34, 33, 34, 34, 33, 20, 19, 23, 24, 22, 21, 21, 22, 27, 28, 31, 30, 29, 30, 27, 28, 20, 22, 23, 21, 22, 24, 21, 19, 20, 22, 23, 21, 19, 21, 24, 22, 27, 28, 31, 30, 28, 27, 30, 29, 5, 6, 6, 3, 6, 4, 4, 6, 19, 24, 20, 23, 21, 22, 22, 21, 19, 20, 24, 23, 21, 22, 22, 21, 15, 18, 18, 17, 18, 16, 16, 18, 19, 21, 21, 23, 24, 22, 22, 20, 11, 14, 14, 13, 14, 12, 11, 14, 11, 14, 14, 13, 14, 11, 12, 14, 19, 21, 21, 23, 20, 22, 22, 24, 10, 25, 25, 26, 7, 26, 26, 25, 27, 29, 28, 30, 31, 27, 30, 28, 27, 28, 29, 30, 31, 30, 27, 28, 20, 22, 22, 24, 23, 21, 21, 19, 32, 33, 33, 34, 35, 34, 34, 33, 20, 19, 22, 21, 23, 24, 21, 22, 20, 22, 19, 21, 23, 21, 24, 22, 27, 28, 28, 27, 31, 30, 30, 29, 5, 6, 6, 4, 6, 3, 4, 6, 19, 24, 21, 22, 20, 23, 22, 21, 19, 21, 24, 22, 21, 23, 22, 20, 11, 14, 14, 12, 14, 13, 11, 14, 19, 20, 21, 22, 24, 23, 22, 21, 15, 18, 18, 16, 18, 17, 16, 18, 11, 14, 14, 11, 14, 13, 12, 14, 19, 21, 20, 22, 21, 23, 22, 24, 5, 6, 6, 4, 6, 4, 3, 6, 19, 24, 21, 22, 21, 22, 23, 20, 19, 21, 24, 22, 20, 22, 23, 21, 11, 14, 14, 12, 14, 11, 13, 14, 19, 21, 20, 22, 24, 22, 23, 21, 11, 14, 14, 11, 14, 12, 13, 14, 15, 18, 18, 16, 18, 16, 17, 18, 19, 20, 21, 22, 21, 22, 23, 24, 10, 25, 25, 26, 25, 26, 26, 7, 27, 29, 28, 30, 28, 30, 27, 31, 27, 28, 29, 30, 28, 27, 30, 31, 20, 22, 22, 24, 19, 21, 21, 23, 27, 28, 28, 27, 29, 30, 30, 31, 20, 22, 19, 21, 22, 24, 21, 23, 20, 19, 22, 21, 22, 21, 24, 23, 32, 33, 33, 34, 33, 34, 34, 35]

--- diamond [2, 2, 2] time_reversal=True
nkpts=8 nkpts_ibz=3 n_tuples=512 n_s1=50 n_s2=36
weight_sum_s2 = 1.0
unsound = 0   partner_split = 48   of 512
k4_s2 = [[0, 0, 0, 0], [0, 0, 6, 6], [0, 0, 7, 7], [0, 6, 0, 6], [0, 6, 5, 3], [0, 6, 6, 0], [0, 6, 7, 1], [0, 7, 0, 7], [0, 7, 4, 3], [0, 7, 6, 1], [0, 7, 7, 0], [6, 5, 0, 3], [6, 5, 5, 6], [6, 5, 6, 5], [6, 5, 7, 4], [6, 6, 0, 0], [6, 6, 5, 5], [6, 6, 6, 6], [6, 6, 7, 7], [6, 7, 0, 1], [6, 7, 1, 0], [6, 7, 4, 5], [6, 7, 5, 4], [6, 7, 6, 7], [6, 7, 7, 6], [7, 0, 4, 3], [7, 0, 6, 1], [7, 4, 0, 3], [7, 4, 2, 1], [7, 4, 4, 7], [7, 4, 6, 5], [7, 4, 7, 4], [7, 7, 0, 0], [7, 7, 4, 4], [7, 7, 6, 6], [7, 7, 7, 7]]
weight_s2_x_nkpts3 = [1, 3, 4, 6, 12, 6, 24, 8, 12, 12, 8, 12, 6, 6, 24, 3, 6, 3, 12, 24, 24, 48, 48, 24, 24, 12, 12, 24, 24, 12, 24, 12, 4, 12, 12, 4]
bz2ibz_s2 = [0, 2, 2, 1, 2, 1, 1, 2, 7, 10, 8, 9, 8, 9, 9, 8, 7, 8, 10, 9, 8, 9, 9, 8, 3, 6, 6, 5, 6, 4, 4, 6, 7, 8, 8, 9, 10, 9, 9, 8, 3, 6, 6, 4, 6, 5, 4, 6, 3, 6, 6, 4, 6, 4, 5, 6, 7, 8, 8, 9, 8, 9, 9, 10, 10, 7, 25, 26, 25, 26, 26, 25, 32, 35, 33, 34, 33, 34, 34, 33, 27, 31, 29, 27, 28, 30, 30, 28, 20, 23, 19, 24, 22, 21, 21, 22, 27, 31, 28, 30, 29, 27, 30, 28, 20, 23, 22, 21, 19, 24, 21, 22, 20, 23, 22, 21, 22, 21, 24, 19, 27, 31, 28, 30, 28, 30, 27, 29, 10, 25, 7, 26, 25, 26, 26, 25, 27, 29, 31, 27, 28, 30, 30, 28, 32, 33, 35, 34, 33, 34, 34, 33, 20, 19, 23, 24, 22, 21, 21, 22, 27, 28, 31, 30, 29, 30, 27, 28, 20, 22, 23, 21, 22, 24, 21, 19, 20, 22, 23, 21, 19, 21, 24, 22, 27, 28, 31, 30, 28, 27, 30, 29, 5, 6, 6, 3, 6, 4, 4, 6, 19, 24, 20, 23, 21, 22, 22, 21, 19, 20, 24, 23, 21, 22, 22, 21, 15, 18, 18, 17, 18, 16, 16, 18, 19, 21, 21, 23, 24, 22, 22, 20, 11, 14, 14, 13, 14, 12, 11, 14, 11, 14, 14, 13, 14, 11, 12, 14, 19, 21, 21, 23, 20, 22, 22, 24, 10, 25, 25, 26, 7, 26, 26, 25, 27, 29, 28, 30, 31, 27, 30, 28, 27, 28, 29, 30, 31, 30, 27, 28, 20, 22, 22, 24, 23, 21, 21, 19, 32, 33, 33, 34, 35, 34, 34, 33, 20, 19, 22, 21, 23, 24, 21, 22, 20, 22, 19, 21, 23, 21, 24, 22, 27, 28, 28, 27, 31, 30, 30, 29, 5, 6, 6, 4, 6, 3, 4, 6, 19, 24, 21, 22, 20, 23, 22, 21, 19, 21, 24, 22, 21, 23, 22, 20, 11, 14, 14, 12, 14, 13, 11, 14, 19, 20, 21, 22, 24, 23, 22, 21, 15, 18, 18, 16, 18, 17, 16, 18, 11, 14, 14, 11, 14, 13, 12, 14, 19, 21, 20, 22, 21, 23, 22, 24, 5, 6, 6, 4, 6, 4, 3, 6, 19, 24, 21, 22, 21, 22, 23, 20, 19, 21, 24, 22, 20, 22, 23, 21, 11, 14, 14, 12, 14, 11, 13, 14, 19, 21, 20, 22, 24, 22, 23, 21, 11, 14, 14, 11, 14, 12, 13, 14, 15, 18, 18, 16, 18, 16, 17, 18, 19, 20, 21, 22, 21, 22, 23, 24, 10, 25, 25, 26, 25, 26, 26, 7, 27, 29, 28, 30, 28, 30, 27, 31, 27, 28, 29, 30, 28, 27, 30, 31, 20, 22, 22, 24, 19, 21, 21, 23, 27, 28, 28, 27, 29, 30, 30, 31, 20, 22, 19, 21, 22, 24, 21, 23, 20, 19, 22, 21, 22, 21, 24, 23, 32, 33, 33, 34, 33, 34, 34, 35]

