pyscf plugins found in 
/home/user/Documents/workspace/pyscf_rs/.venv/lib/python3.13/site-packages/pyscf
/home/user/Documents/workspace/pyscf_rs/python/pyscf
When PYTHONPATH is set, it is recommended to load these plugins through the environment variable PYSCF_EXT_PATH
cell.mesh = [9, 9, 9]  nao = 2  nkpts = 2
auxcell nao = 8
auxcell basis = {'He': [[0, [76.278784, 1]], [0, [38.139392, 1]], [0, [19.069696, 1]], [0, [9.534848, 1]], [0, [4.767424, 1]], [0, [2.383712, 1]], [0, [1.191856, 1]], [0, [0.595928, 1]]]}

--- 1. the stored j3c blocks, keyed ki*nkpts+kj ---
aosym = b's2'
j3c/0 (8, 3) float64
[[ 6.059747293365e-01  2.273703870373e-01  6.221075324773e-02]
 [ 4.537225945484e-01  1.980329729749e-01  5.965289212888e-02]
 [ 3.608570309532e-01  1.913168730458e-01  6.612913673284e-02]
 [ 2.419127947171e-01  1.701300010378e-01  7.210785570125e-02]
 [ 1.167726028392e-01  1.250772503964e-01  7.117990828162e-02]
 [ 3.143600276870e-02  6.434552934618e-02  5.684341282384e-02]
 [-1.544420384919e-04  1.488602439271e-02  3.495369977454e-02]
 [ 1.475277476774e-05 -2.684840943056e-04  2.438068962329e-02]]
j3c/1 (8, 3) complex128
[[ 7.684652349192e-01-8.567139052775e-21j  3.567991905040e-01+1.212396870090e-18j  2.927096965931e-01+5.873920472726e-18j]
 [ 5.675701993673e-01-1.012630210070e-20j  3.041862650385e-01+1.123149856156e-18j  2.715503340910e-01-2.200076298172e-18j]
 [ 4.518406537866e-01-1.658579872042e-20j  2.931594300401e-01+1.230019183425e-18j  2.985717530390e-01-1.213665873660e-17j]
 [ 3.066829542800e-01-3.413019083680e-20j  2.640073951632e-01+1.351060991435e-18j  3.322006043420e-01+7.481246778640e-18j]
 [ 1.521289311325e-01-8.966897004308e-20j  2.006401618576e-01+1.366865962625e-18j  3.533978011620e-01+5.879312942483e-18j]
 [ 4.220994482133e-02-3.120844440081e-19j  1.100650399071e-01+9.913738678029e-19j  3.367442940071e-01-1.245709800891e-17j]
 [-2.826604599006e-04-1.491594134343e-18j  2.885533888611e-02-7.666137331668e-19j  2.590236830974e-01+1.268695900710e-17j]
 [ 5.226367979522e-05-9.847255284789e-18j -1.029658991451e-03-9.222132184164e-18j  1.326744102301e-01-1.082039092849e-17j]]
j3c/2 (8, 3) complex128
[[ 7.684652349192e-01+8.567139052775e-21j  3.078676281082e-01+1.783797193164e-18j  2.927096965931e-01+5.873592261153e-18j]
 [ 5.675701993673e-01+1.012630210070e-20j  2.609289298795e-01+1.525597995943e-18j  2.715503340910e-01-2.198558057910e-18j]
 [ 4.518406537866e-01+1.658579872042e-20j  2.488923756954e-01+1.480556137118e-18j  2.985717530390e-01-1.214221347713e-17j]
 [ 3.066829542800e-01+3.413019083680e-20j  2.199436872457e-01+1.347062951559e-18j  3.322006043420e-01+7.493029800211e-18j]
 [ 1.521289311325e-01+8.966897004308e-20j  1.613777089959e-01+1.037265898573e-18j  3.533978011620e-01+5.863813357711e-18j]
 [ 4.220994482134e-02+3.120844440081e-19j  8.308815937119e-02+6.604836521577e-19j  3.367442940071e-01-1.244188437885e-17j]
 [-2.826604599127e-04+1.491594134343e-18j  2.064079293594e-02+1.269609603370e-18j  2.590236830974e-01+1.267417743951e-17j]
 [ 5.226367980264e-05+9.847255284789e-18j  4.948541792112e-03+8.856072961462e-18j  1.326744102301e-01-1.081019755208e-17j]]
j3c/3 (8, 3) complex128
[[ 6.059851313890e-01+6.465113138351e-23j  2.017107091980e-01+1.627723380747e-18j  7.238877882261e-02+0.000000000000e+00j]
 [ 4.537326467600e-01+6.100116211351e-23j  1.748614593838e-01+1.501307956277e-18j  6.936691230324e-02+0.000000000000e+00j]
 [ 3.608682954054e-01+6.538867539742e-23j  1.675151605423e-01+1.614421322776e-18j  7.679080592898e-02+0.000000000000e+00j]
 [ 2.419251147973e-01+6.603049411428e-23j  1.465926847729e-01+1.776422052650e-18j  8.346413449899e-02+0.000000000000e+00j]
 [ 1.167837604718e-01+5.261172102322e-23j  1.043734388145e-01+2.039773097606e-18j  8.169085940187e-02+0.000000000000e+00j]
 [ 3.143861583059e-02+1.196348478961e-23j  5.013082890096e-02+2.830537621606e-18j  6.343829672857e-02+0.000000000000e+00j]
 [-1.756088551750e-04-7.125127478516e-23j  9.278931903373e-03+7.096499481250e-18j  3.427034560844e-02+0.000000000000e+00j]
 [-2.456547815075e-05-1.887572705723e-22j -9.256740095738e-04+2.918948522095e-17j  1.623278352078e-02+0.000000000000e+00j]]

--- 2. sr_loop(compact=True) -- (0,1) and (1,0) are DIFFERENT ---
sr_loop(0,0) sign=1 shape=(8, 3)
[[ 6.059747293365e-01  2.273703870373e-01  6.221075324773e-02]
 [ 4.537225945484e-01  1.980329729749e-01  5.965289212888e-02]
 [ 3.608570309532e-01  1.913168730458e-01  6.612913673284e-02]
 [ 2.419127947171e-01  1.701300010378e-01  7.210785570125e-02]
 [ 1.167726028392e-01  1.250772503964e-01  7.117990828162e-02]
 [ 3.143600276870e-02  6.434552934618e-02  5.684341282384e-02]
 [-1.544420384919e-04  1.488602439271e-02  3.495369977454e-02]
 [ 1.475277476774e-05 -2.684840943056e-04  2.438068962329e-02]]
sr_loop(0,1) sign=1 shape=(8, 3)
[[ 7.684652349192e-01  3.567991905040e-01  2.927096965931e-01]
 [ 5.675701993673e-01  3.041862650385e-01  2.715503340910e-01]
 [ 4.518406537866e-01  2.931594300401e-01  2.985717530390e-01]
 [ 3.066829542800e-01  2.640073951632e-01  3.322006043420e-01]
 [ 1.521289311325e-01  2.006401618576e-01  3.533978011620e-01]
 [ 4.220994482133e-02  1.100650399071e-01  3.367442940071e-01]
 [-2.826604599006e-04  2.885533888611e-02  2.590236830974e-01]
 [ 5.226367979522e-05 -1.029658991451e-03  1.326744102301e-01]]
sr_loop(1,0) sign=1 shape=(8, 3)
[[ 7.684652349192e-01  3.078676281082e-01  2.927096965931e-01]
 [ 5.675701993673e-01  2.609289298795e-01  2.715503340910e-01]
 [ 4.518406537866e-01  2.488923756954e-01  2.985717530390e-01]
 [ 3.066829542800e-01  2.199436872457e-01  3.322006043420e-01]
 [ 1.521289311325e-01  1.613777089959e-01  3.533978011620e-01]
 [ 4.220994482134e-02  8.308815937119e-02  3.367442940071e-01]
 [-2.826604599127e-04  2.064079293594e-02  2.590236830974e-01]
 [ 5.226367980264e-05  4.948541792112e-03  1.326744102301e-01]]
sr_loop(1,1) sign=1 shape=(8, 3)
[[ 6.059851313890e-01  2.017107091980e-01  7.238877882261e-02]
 [ 4.537326467600e-01  1.748614593838e-01  6.936691230324e-02]
 [ 3.608682954054e-01  1.675151605423e-01  7.679080592898e-02]
 [ 2.419251147973e-01  1.465926847729e-01  8.346413449899e-02]
 [ 1.167837604718e-01  1.043734388145e-01  8.169085940187e-02]
 [ 3.143861583059e-02  5.013082890096e-02  6.343829672857e-02]
 [-1.756088551750e-04  9.278931903373e-03  3.427034560844e-02]
 [-2.456547815075e-05 -9.256740095738e-04  1.623278352078e-02]]

--- 3. get_nuc: _CCNucBuilder does not depend on cell.mesh ---
cell.mesh = [9, 9, 9]  gdf nuc[0][0,0] = -3.229030131116  aftdf nuc[0][0,0] = -3.027263280742  fftdf nuc[0][0,0] = -3.795643296556
cell.mesh = [99 99 99]  gdf nuc[0][0,0] = -3.229030131116  aftdf nuc[0][0,0] = -3.229030132539  fftdf nuc[0][0,0] = -3.229030132539

--- 4. KRHF, exxdiv=None, conv_tol=1e-11 ---
fftdf: E = -2.9503735493321335  converged = True
gdf: E = -2.4888321613774758  converged = True

--- 5. the diamond anchor: same k-mesh, pseudopotential, nao = 8 ---
cell.mesh = [47 47 47]  nao = 8  nkpts = 2
fftdf: get_pp[0][0,0] = 1.54584046392055e-01
fftdf: E = -8.65192328393455  converged = True
gdf: get_pp[0][0,0] = 1.54584050839746e-01
gdf: E = -8.655276344817679  converged = True
|E_FFTDF - E_GDF| = 3.353061e-03  -- the DF FITTING error, a property of the auxiliary basis
