<frozen importlib._bootstrap>:1360: in _find_and_load
    ???
_ _ _ _ _ _ _ _ _ _ _ _ _ _ _ _ _ _ _ _ _ _ _ _ _ _ _ _ _ _ _ _ _ _ _ _ _ _ _ _ 

name = 'pyscf._native.pbc', import_ = <function _gcd_import at 0x7f16429d04a0>

>   ???
E   ModuleNotFoundError: No module named 'pyscf._native.pbc'; 'pyscf._native' is not a package

<frozen importlib._bootstrap>:1319: ModuleNotFoundError
=========================== short test summary info ============================
FAILED python/pyscf/tests/test_pbc_identity_gate.py::test_pbc_overlay_name_is_native_object[pyscf.pbc.gto.Cell]
FAILED python/pyscf/tests/test_pbc_identity_gate.py::test_pbc_overlay_name_is_native_object[pyscf.pbc.gto.M]
FAILED python/pyscf/tests/test_pbc_identity_gate.py::test_pbc_overlay_name_is_native_object[pyscf.pbc.df.FFTDF]
FAILED python/pyscf/tests/test_pbc_identity_gate.py::test_pbc_overlay_name_is_native_object[pyscf.pbc.df.AFTDF]
FAILED python/pyscf/tests/test_pbc_identity_gate.py::test_pbc_overlay_name_is_native_object[pyscf.pbc.df.GDF]
FAILED python/pyscf/tests/test_pbc_identity_gate.py::test_pbc_overlay_name_is_native_object[pyscf.pbc.df.MDF]
FAILED python/pyscf/tests/test_pbc_identity_gate.py::test_pbc_overlay_name_is_native_object[pyscf.pbc.df.RSDF]
FAILED python/pyscf/tests/test_pbc_identity_gate.py::test_pbc_overlay_name_is_native_object[pyscf.pbc.scf.KRHF]
FAILED python/pyscf/tests/test_pbc_identity_gate.py::test_pbc_overlay_name_is_native_object[pyscf.pbc.scf.KUHF]
FAILED python/pyscf/tests/test_pbc_identity_gate.py::test_pbc_overlay_name_is_native_object[pyscf.pbc.scf.KROHF]
FAILED python/pyscf/tests/test_pbc_identity_gate.py::test_pbc_overlay_name_is_native_object[pyscf.pbc.scf.KGHF]
FAILED python/pyscf/tests/test_pbc_identity_gate.py::test_pbc_overlay_name_is_native_object[pyscf.pbc.dft.KRKS]
FAILED python/pyscf/tests/test_pbc_identity_gate.py::test_pbc_overlay_name_is_native_object[pyscf.pbc.dft.KUKS]
FAILED python/pyscf/tests/test_pbc_identity_gate.py::test_pbc_overlay_name_is_native_object[pyscf.pbc.dft.KROKS]
FAILED python/pyscf/tests/test_pbc_identity_gate.py::test_pbc_overlay_name_is_native_object[pyscf.pbc.dft.KGKS]
FAILED python/pyscf/tests/test_pbc_identity_gate.py::test_pbc_overlay_name_is_native_object[pyscf.pbc.symm.KPoints]
FAILED python/pyscf/tests/test_pbc_identity_gate.py::test_pbc_overlay_name_is_native_object[pyscf.pbc.mp.KMP2]
FAILED python/pyscf/tests/test_pbc_identity_gate.py::test_pbc_overlay_name_is_native_object[pyscf.pbc.cc.KRCCSD]
18 failed in 0.05s
