pyscf plugins found in 
/home/user/Documents/workspace/pyscf_rs/.venv/lib/python3.13/site-packages/pyscf
/home/user/Documents/workspace/pyscf_rs/python/pyscf
When PYTHONPATH is set, it is recommended to load these plugins through the environment variable PYSCF_EXT_PATH
pyscf 2.12.1 at /home/user/Documents/workspace/pyscf_rs/pyscf/__init__.py

=== A. dense random, off = 0.05, n = 40, nroots = 1, tol_residual = 1e-12 ===
davidson 0 1  |r|= 0.131  e= [1.]  max|de|=    1  lindep=    1
davidson 1 2  |r|= 0.00171  e= [1.00033189]  max|de|= 0.000332  lindep= 0.000248
davidson 2 3  |r|= 0.000171  e= [1.0003286]  max|de|= -3.29e-06  lindep= 1.89e-06
davidson 3 4  |r|= 0.000171  e= [1.00032861]  max|de|= 9.92e-09  lindep=    1
Linear dependency in trial subspace. |r| for each state [0.0001705]
  dense lowest 1.0003285941778877
  davidson     1.0003286056665808
  conv [False]  residual 0.0001705039877410091  aop calls 4
  RUST PORT (crates/pyscf-algebra/src/davidson.rs) on the same matrix produced
  e = 1.0003286056665817, residual = 1.7050398774100944e-4, 4 cycles, 4 aop calls;
  upstream's own trajectory is 0.131 -> 0.00171 -> 0.000171 -> 0.000171 then
  'Linear dependency in trial subspace'. The stall is the METHOD, not the port.

=== B. band fixture (the one the Rust tests ship), tol_residual = 1e-3 ===
  n 40 nroots 1: conv True max|e - dense| 4.96e-12 max residual 3.78e-04 aop calls 4
  n 40 nroots 3: conv True max|e - dense| 2.22e-14 max residual 3.78e-04 aop calls 5
  n 40 nroots 5: conv True max|e - dense| 4.09e-14 max residual 3.78e-04 aop calls 4
  n 80 nroots 1: conv True max|e - dense| 4.94e-12 max residual 3.78e-04 aop calls 4
  n 80 nroots 3: conv True max|e - dense| 9.50e-14 max residual 3.78e-04 aop calls 6
  n 80 nroots 5: conv True max|e - dense| 1.10e-13 max residual 3.78e-04 aop calls 4

=== C. coupling sweep — where the METHOD picks the wrong root ===
  off 0.05: davidson 0.9987410478158643 vs dense 0.9987410478109024 -> |err| 4.96e-12
/home/user/Documents/workspace/pyscf_rs/pyscf/lib/linalg_helper.py:604: UserWarning: Only 0 eigenvalues (out of   1 requested roots) with imaginary part < 0.001.

  warnings.warn('Only %d eigenvalues (out of %3d requested roots) with imaginary part < %4.3g.\n'
/home/user/Documents/workspace/pyscf_rs/pyscf/lib/linalg_helper.py:917: UserWarning: 1 davidson root: #0 has a very small norm: 6.600e-11
  warnings.warn("{:d} davidson root{_s}: {} {_has} very small norm{_s}: {}".format(
  off 0.2: davidson 2.5651975283451552e-15 vs dense 0.9803299526049294 -> |err| 9.80e-01
/home/user/Documents/workspace/pyscf_rs/pyscf/lib/linalg_helper.py:917: UserWarning: 1 davidson root: #0 has a very small norm: 2.196e-09
  warnings.warn("{:d} davidson root{_s}: {} {_has} very small norm{_s}: {}".format(
  off 0.5: davidson 2.6322107707122125e-15 vs dense 0.883951444352232 -> |err| 8.84e-01
  At off >= 0.2 upstream converges to a spurious ~1e-15 eigenvalue with a
  unit-vector guess and a plain diagonal preconditioner. The Rust port does the
  same, which is why the shipped fixtures stay at off = 0.05.
